[fitkrub.odoo.com/index.html]
[backblue.gif]
[fade.gif]
[index.html]
[fitkrub.odoo.com/web/image/website/1/logoe90a.png]
[fitkrub.odoo.com/web/image/website/1/favicone90a.ico]
[fitkrub.odoo.com/web/static/lib/fontawesome/fonts/fontawesome-webfont3e6e.woff2]
[fitkrub.odoo.com/web/content/167-8f1ddf5/1/web.assets_common.css]
[fitkrub.odoo.com/web/content/168-4b8a249/1/web.assets_frontend.css]
[fitkrub.odoo.com/web/content/170-6617ea6/1/web.assets_common_minimal_js.js]
[fitkrub.odoo.com/web/content/171-844761f/1/web.assets_frontend_minimal_js.js]
[fitkrub.odoo.com/web/image/website/1/logo/fitkrube90a.png]
[fitkrub.odoo.com/web/login.html]
[fitkrub.odoo.com/contactus.html]
[fitkrub.odoo.com/web/image/186-de532369/como-montar-tus-campañas-sem-en-adwords-editor.jpg]
[fitkrub.odoo.com/web/image/193-16b382f0/2.2.png]
[fitkrub.odoo.com/web/image/195-b909981a/2.3.png]
[fitkrub.odoo.com/web/image/194-1d2f6d96/2.4.png]
[fitkrub.odoo.com/web/image/196-f674a968/Photo_1630073288693.jpg]
[fitkrub.odoo.com/_/web/image/200-786eeb2d/oficinas-google.jpg_]
[fitkrub.odoo.com/web/static/src/img/odoo_logo_tiny.png]
[fitkrub.odoo.com/index.html]
[fitkrub.odoo.com/web/static/src/img/transparent.png]
[fitkrub.odoo.com/web/static/lib/jquery.ui/images/ui-icons_444444_256x240.png]
[fitkrub.odoo.com/web/static/lib/jquery.ui/images/ui-icons_555555_256x240.png]
[fitkrub.odoo.com/web/static/lib/jquery.ui/images/ui-icons_ffffff_256x240.png]
[fitkrub.odoo.com/web/static/lib/jquery.ui/images/ui-icons_777620_256x240.png]
[fitkrub.odoo.com/web/static/lib/jquery.ui/images/ui-icons_cc0000_256x240.png]
[fitkrub.odoo.com/web/static/lib/jquery.ui/images/ui-icons_777777_256x240.png]
[fitkrub.odoo.com/web/static/lib/fontawesome/fonts/fontawesome-webfont3e6e.eot]
[fitkrub.odoo.com/web/static/lib/fontawesome/fonts/fontawesome-webfontd41d.eot]
[fitkrub.odoo.com/web/static/lib/fontawesome/fonts/fontawesome-webfont3e6e.woff]
[fitkrub.odoo.com/web/static/lib/fontawesome/fonts/fontawesome-webfont3e6e.ttf]
[fitkrub.odoo.com/web/static/lib/select2/select2.png]
[fitkrub.odoo.com/web/static/lib/select2/select2-spinner.gif]
[fitkrub.odoo.com/web/static/lib/select2/select2x2.png]
[fitkrub.odoo.com/web/static/src/fonts/lato/Lato-Hai-webfont.eot]
[fitkrub.odoo.com/web/static/src/fonts/lato/Lato-Hai-webfontd41d.eot]
[fitkrub.odoo.com/web/static/src/fonts/lato/Lato-Hai-webfont.woff]
[fitkrub.odoo.com/web/static/src/fonts/lato/Lato-Hai-webfont.ttf]
[fitkrub.odoo.com/web/static/src/fonts/lato/Lato-HaiIta-webfont.eot]
[fitkrub.odoo.com/web/static/src/fonts/lato/Lato-HaiIta-webfontd41d.eot]
[fitkrub.odoo.com/web/static/src/fonts/lato/Lato-HaiIta-webfont.woff]
[fitkrub.odoo.com/web/static/src/fonts/lato/Lato-HaiIta-webfont.ttf]
[fitkrub.odoo.com/web/static/src/fonts/lato/Lato-Lig-webfont.eot]
[fitkrub.odoo.com/web/static/src/fonts/lato/Lato-Lig-webfontd41d.eot]
[fitkrub.odoo.com/web/static/src/fonts/lato/Lato-Lig-webfont.woff]
[fitkrub.odoo.com/web/static/src/fonts/lato/Lato-Lig-webfont.ttf]
[fitkrub.odoo.com/web/static/src/fonts/lato/Lato-LigIta-webfont.eot]
[fitkrub.odoo.com/web/static/src/fonts/lato/Lato-LigIta-webfontd41d.eot]
[fitkrub.odoo.com/web/static/src/fonts/lato/Lato-LigIta-webfont.woff]
[fitkrub.odoo.com/web/static/src/fonts/lato/Lato-LigIta-webfont.ttf]
[fitkrub.odoo.com/web/static/src/fonts/lato/Lato-Reg-webfont.eot]
[fitkrub.odoo.com/web/static/src/fonts/lato/Lato-Reg-webfontd41d.eot]
[fitkrub.odoo.com/web/static/src/fonts/lato/Lato-Reg-webfont.woff]
[fitkrub.odoo.com/web/static/src/fonts/lato/Lato-Reg-webfont.ttf]
[fitkrub.odoo.com/web/static/src/fonts/lato/Lato-RegIta-webfont.eot]
[fitkrub.odoo.com/web/static/src/fonts/lato/Lato-RegIta-webfontd41d.eot]
[fitkrub.odoo.com/web/static/src/fonts/lato/Lato-RegIta-webfont.woff]
[fitkrub.odoo.com/web/static/src/fonts/lato/Lato-RegIta-webfont.ttf]
[fitkrub.odoo.com/web/static/src/fonts/lato/Lato-Bol-webfont.eot]
[fitkrub.odoo.com/web/static/src/fonts/lato/Lato-Bol-webfontd41d.eot]
[fitkrub.odoo.com/web/static/src/fonts/lato/Lato-Bol-webfont.woff]
[fitkrub.odoo.com/web/static/src/fonts/lato/Lato-Bol-webfont.ttf]
[fitkrub.odoo.com/web/static/src/fonts/lato/Lato-BolIta-webfont.eot]
[fitkrub.odoo.com/web/static/src/fonts/lato/Lato-BolIta-webfontd41d.eot]
[fitkrub.odoo.com/web/static/src/fonts/lato/Lato-BolIta-webfont.woff]
[fitkrub.odoo.com/web/static/src/fonts/lato/Lato-BolIta-webfont.ttf]
[fitkrub.odoo.com/web/static/src/fonts/lato/Lato-Bla-webfont.eot]
[fitkrub.odoo.com/web/static/src/fonts/lato/Lato-Bla-webfontd41d.eot]
[fitkrub.odoo.com/web/static/src/fonts/lato/Lato-Bla-webfont.woff]
[fitkrub.odoo.com/web/static/src/fonts/lato/Lato-Bla-webfont.ttf]
[fitkrub.odoo.com/web/static/src/fonts/lato/Lato-BlaIta-webfont.eot]
[fitkrub.odoo.com/web/static/src/fonts/lato/Lato-BlaIta-webfontd41d.eot]
[fitkrub.odoo.com/web/static/src/fonts/lato/Lato-BlaIta-webfont.woff]
[fitkrub.odoo.com/web/static/src/fonts/lato/Lato-BlaIta-webfont.ttf]
[fitkrub.odoo.com/web/static/src/fonts/google/Montserrat/Montserrat-Regular.ttf]
[fitkrub.odoo.com/web/static/src/fonts/google/Open_Sans/Open_Sans-Regular.ttf]
[fitkrub.odoo.com/web/static/src/fonts/google/Oswald/Oswald-Regular.ttf]
[fitkrub.odoo.com/web/static/src/fonts/google/Raleway/Raleway-Regular.ttf]
[fitkrub.odoo.com/web/static/src/fonts/google/Roboto/Roboto-Regular.ttf]
[fitkrub.odoo.com/web_enterprise/static/src/fonts/Roboto/Roboto-Thin-webfont.eot]
[fitkrub.odoo.com/web_enterprise/static/src/fonts/Roboto/Roboto-Thin-webfontd41d.eot]
[fitkrub.odoo.com/web_enterprise/static/src/fonts/Roboto/Roboto-Thin-webfont.woff]
[fitkrub.odoo.com/web_enterprise/static/src/fonts/Roboto/Roboto-Thin-webfont.ttf]
[fitkrub.odoo.com/web_enterprise/static/src/fonts/Roboto/Roboto-ThinItalic-webfont.eot]
[fitkrub.odoo.com/web_enterprise/static/src/fonts/Roboto/Roboto-ThinItalic-webfontd41d.eot]
[fitkrub.odoo.com/web_enterprise/static/src/fonts/Roboto/Roboto-ThinItalic-webfont.woff]
[fitkrub.odoo.com/web_enterprise/static/src/fonts/Roboto/Roboto-ThinItalic-webfont.ttf]
[fitkrub.odoo.com/web_enterprise/static/src/fonts/Roboto/Roboto-Light-webfont.eot]
[fitkrub.odoo.com/web_enterprise/static/src/fonts/Roboto/Roboto-Light-webfontd41d.eot]
[fitkrub.odoo.com/web_enterprise/static/src/fonts/Roboto/Roboto-Light-webfont.woff]
[fitkrub.odoo.com/web_enterprise/static/src/fonts/Roboto/Roboto-Light-webfont.ttf]
[fitkrub.odoo.com/web_enterprise/static/src/fonts/Roboto/Roboto-LightItalic-webfont.eot]
[fitkrub.odoo.com/web_enterprise/static/src/fonts/Roboto/Roboto-LightItalic-webfontd41d.eot]
[fitkrub.odoo.com/web_enterprise/static/src/fonts/Roboto/Roboto-LightItalic-webfont.woff]
[fitkrub.odoo.com/web_enterprise/static/src/fonts/Roboto/Roboto-LightItalic-webfont.ttf]
[fitkrub.odoo.com/web_enterprise/static/src/fonts/Roboto/Roboto-Regular-webfont.eot]
[fitkrub.odoo.com/web_enterprise/static/src/fonts/Roboto/Roboto-Regular-webfontd41d.eot]
[fitkrub.odoo.com/web_enterprise/static/src/fonts/Roboto/Roboto-Regular-webfont.woff]
[fitkrub.odoo.com/web_enterprise/static/src/fonts/Roboto/Roboto-Regular-webfont.ttf]
[fitkrub.odoo.com/web_enterprise/static/src/fonts/Roboto/Roboto-RegularItalic-webfont.eot]
[fitkrub.odoo.com/web_enterprise/static/src/fonts/Roboto/Roboto-RegularItalic-webfontd41d.eot]
[fitkrub.odoo.com/web_enterprise/static/src/fonts/Roboto/Roboto-RegularItalic-webfont.woff]
[fitkrub.odoo.com/web_enterprise/static/src/fonts/Roboto/Roboto-RegularItalic-webfont.ttf]
[fitkrub.odoo.com/web_enterprise/static/src/fonts/Roboto/Roboto-Medium-webfont.eot]
[fitkrub.odoo.com/web_enterprise/static/src/fonts/Roboto/Roboto-Medium-webfontd41d.eot]
[fitkrub.odoo.com/web_enterprise/static/src/fonts/Roboto/Roboto-Medium-webfont.woff]
[fitkrub.odoo.com/web_enterprise/static/src/fonts/Roboto/Roboto-Medium-webfont.ttf]
[fitkrub.odoo.com/web_enterprise/static/src/fonts/Roboto/Roboto-MediumItalic-webfont.eot]
[fitkrub.odoo.com/web_enterprise/static/src/fonts/Roboto/Roboto-MediumItalic-webfontd41d.eot]
[fitkrub.odoo.com/web_enterprise/static/src/fonts/Roboto/Roboto-MediumItalic-webfont.woff]
[fitkrub.odoo.com/web_enterprise/static/src/fonts/Roboto/Roboto-MediumItalic-webfont.ttf]
[fitkrub.odoo.com/web_enterprise/static/src/fonts/Roboto/Roboto-Bold-webfont.eot]
[fitkrub.odoo.com/web_enterprise/static/src/fonts/Roboto/Roboto-Bold-webfontd41d.eot]
[fitkrub.odoo.com/web_enterprise/static/src/fonts/Roboto/Roboto-Bold-webfont.woff]
[fitkrub.odoo.com/web_enterprise/static/src/fonts/Roboto/Roboto-Bold-webfont.ttf]
[fitkrub.odoo.com/web_enterprise/static/src/fonts/Roboto/Roboto-BoldItalic-webfont.eot]
[fitkrub.odoo.com/web_enterprise/static/src/fonts/Roboto/Roboto-BoldItalic-webfontd41d.eot]
[fitkrub.odoo.com/web_enterprise/static/src/fonts/Roboto/Roboto-BoldItalic-webfont.woff]
[fitkrub.odoo.com/web_enterprise/static/src/fonts/Roboto/Roboto-BoldItalic-webfont.ttf]
[fitkrub.odoo.com/web_enterprise/static/src/fonts/Roboto/Roboto-Black-webfont.eot]
[fitkrub.odoo.com/web_enterprise/static/src/fonts/Roboto/Roboto-Black-webfontd41d.eot]
[fitkrub.odoo.com/web_enterprise/static/src/fonts/Roboto/Roboto-Black-webfont.woff]
[fitkrub.odoo.com/web_enterprise/static/src/fonts/Roboto/Roboto-Black-webfont.ttf]
[fitkrub.odoo.com/web_enterprise/static/src/fonts/Roboto/Roboto-BlackItalic-webfont.eot]
[fitkrub.odoo.com/web_enterprise/static/src/fonts/Roboto/Roboto-BlackItalic-webfontd41d.eot]
[fitkrub.odoo.com/web_enterprise/static/src/fonts/Roboto/Roboto-BlackItalic-webfont.woff]
[fitkrub.odoo.com/web_enterprise/static/src/fonts/Roboto/Roboto-BlackItalic-webfont.ttf]
[fitkrub.odoo.com/web/content/167-8f1ddf5/1/web.assets_common.css]
[fitkrub.odoo.com/web/content/168-4b8a249/1/web.assets_frontend.css]
[fitkrub.odoo.com/web/signup.html]
[fitkrub.odoo.com/web/login.html]
[fitkrub.odoo.com/web/reset_password.html]
[fitkrub.odoo.com/web/image/website.jpg]
[fitkrub.odoo.com/contactus.html]
[fitkrub.odoo.com/_/web/image/200-786eeb2d/oficinas-google.html]
[fitkrub.odoo.com/web/static/lib/fontawesome/fonts/fontawesome-webfont3e6e.svg]
[fitkrub.odoo.com/web/static/src/fonts/lato/Lato-Hai-webfont.svg]
[fitkrub.odoo.com/web/static/src/fonts/lato/Lato-HaiIta-webfont.svg]
[fitkrub.odoo.com/web/static/src/fonts/lato/Lato-Lig-webfont.svg]
[fitkrub.odoo.com/web/static/src/fonts/lato/Lato-LigIta-webfont.svg]
[fitkrub.odoo.com/web/static/src/fonts/lato/Lato-Reg-webfont.svg]
[fitkrub.odoo.com/web/static/src/fonts/lato/Lato-RegIta-webfont.svg]
[fitkrub.odoo.com/web/static/src/fonts/lato/Lato-Bol-webfont.svg]
[fitkrub.odoo.com/web/static/src/fonts/lato/Lato-BolIta-webfont.svg]
[fitkrub.odoo.com/web/static/src/fonts/lato/Lato-Bla-webfont.svg]
[fitkrub.odoo.com/web/static/src/fonts/lato/Lato-BlaIta-webfont.svg]
[fitkrub.odoo.com/web_enterprise/static/src/img/home-menu-bg-overlay.svg]
[fitkrub.odoo.com/web/static/src/img/mimetypes/unknown.svg]
[fitkrub.odoo.com/web/static/src/img/mimetypes/image.svg]
[fitkrub.odoo.com/web/static/src/img/mimetypes/audio.svg]
[fitkrub.odoo.com/web/static/src/img/mimetypes/text.svg]
[fitkrub.odoo.com/web/static/src/img/mimetypes/binary.svg]
[fitkrub.odoo.com/web/static/src/img/mimetypes/video.svg]
[fitkrub.odoo.com/web/static/src/img/mimetypes/archive.svg]
[fitkrub.odoo.com/web/static/src/img/mimetypes/pdf.svg]
[fitkrub.odoo.com/web/static/src/img/mimetypes/document.svg]
[fitkrub.odoo.com/web/static/src/img/mimetypes/web_code.svg]
[fitkrub.odoo.com/web/static/src/img/mimetypes/web_style.svg]
[fitkrub.odoo.com/web/static/src/img/mimetypes/disk.svg]
[fitkrub.odoo.com/web/static/src/img/mimetypes/spreadsheet.svg]
[fitkrub.odoo.com/web/static/src/img/mimetypes/certificate.svg]
[fitkrub.odoo.com/web/static/src/img/mimetypes/presentation.svg]
[fitkrub.odoo.com/web/static/src/img/mimetypes/font.svg]
[fitkrub.odoo.com/web/static/src/img/mimetypes/print.svg]
[fitkrub.odoo.com/web/static/src/img/mimetypes/script.svg]
[fitkrub.odoo.com/web/static/src/img/mimetypes/javascript.svg]
[fitkrub.odoo.com/web/static/src/img/mimetypes/calendar.svg]
[fitkrub.odoo.com/web/static/src/img/mimetypes/vector.svg]
[fitkrub.odoo.com/web_enterprise/static/src/fonts/Roboto/Roboto-Thin-webfont.svg]
[fitkrub.odoo.com/web_enterprise/static/src/fonts/Roboto/Roboto-ThinItalic-webfont.svg]
[fitkrub.odoo.com/web_enterprise/static/src/fonts/Roboto/Roboto-Light-webfont.svg]
[fitkrub.odoo.com/web_enterprise/static/src/fonts/Roboto/Roboto-LightItalic-webfont.svg]
[fitkrub.odoo.com/web_enterprise/static/src/fonts/Roboto/Roboto-Regular-webfont.svg]
[fitkrub.odoo.com/web_enterprise/static/src/fonts/Roboto/Roboto-RegularItalic-webfont.svg]
[fitkrub.odoo.com/web_enterprise/static/src/fonts/Roboto/Roboto-Medium-webfont.svg]
[fitkrub.odoo.com/web_enterprise/static/src/fonts/Roboto/Roboto-MediumItalic-webfont.svg]
[fitkrub.odoo.com/web_enterprise/static/src/fonts/Roboto/Roboto-Bold-webfont.svg]
[fitkrub.odoo.com/web_enterprise/static/src/fonts/Roboto/Roboto-BoldItalic-webfont.svg]
[fitkrub.odoo.com/web_enterprise/static/src/fonts/Roboto/Roboto-Black-webfont.svg]
[fitkrub.odoo.com/web_enterprise/static/src/fonts/Roboto/Roboto-BlackItalic-webfont.svg]
[fitkrub.odoo.com/web/static/src/img/empty_folder.svg]
[fitkrub.odoo.com/web_editor/static/src/img/curved_arrow.svg]
[fitkrub.odoo.com/web_editor/shape/web_editor/Airy/019605.svg]
[fitkrub.odoo.com/web_editor/shape/web_editor/Airy/029605.svg]
[fitkrub.odoo.com/web_editor/shape/web_editor/Airy/037e1c.svg]
[fitkrub.odoo.com/web_editor/shape/web_editor/Airy/049605.svg]
[fitkrub.odoo.com/web_editor/shape/web_editor/Airy/059605.svg]
[fitkrub.odoo.com/web_editor/shape/web_editor/Airy/06f3fd.svg]
[fitkrub.odoo.com/web_editor/shape/web_editor/Airy/07f3fd.svg]
[fitkrub.odoo.com/web_editor/shape/web_editor/Airy/089605.svg]
[fitkrub.odoo.com/web_editor/shape/web_editor/Airy/099605.svg]
[fitkrub.odoo.com/web_editor/shape/web_editor/Airy/107e1c.svg]
[fitkrub.odoo.com/web_editor/shape/web_editor/Airy/117e1c.svg]
[fitkrub.odoo.com/web_editor/shape/web_editor/Airy/12b726.svg]
[fitkrub.odoo.com/web_editor/shape/web_editor/Airy/13ca6c.svg]
[fitkrub.odoo.com/web_editor/shape/web_editor/Airy/14ca6c.svg]
[fitkrub.odoo.com/web_editor/shape/web_editor/Blobs/01f3fd.svg]
[fitkrub.odoo.com/web_editor/shape/web_editor/Blobs/020f7e.svg]
[fitkrub.odoo.com/web_editor/shape/web_editor/Blobs/03f3fd.svg]
[fitkrub.odoo.com/web_editor/shape/web_editor/Blobs/047e1c.svg]
[fitkrub.odoo.com/web_editor/shape/web_editor/Blobs/059605.svg]
[fitkrub.odoo.com/web_editor/shape/web_editor/Blobs/069605.svg]
[fitkrub.odoo.com/web_editor/shape/web_editor/Blobs/077e1c.svg]
[fitkrub.odoo.com/web_editor/shape/web_editor/Blobs/089605.svg]
[fitkrub.odoo.com/web_editor/shape/web_editor/Blobs/09bd3d.svg]
[fitkrub.odoo.com/web_editor/shape/web_editor/Blobs/10ef15.svg]
[fitkrub.odoo.com/web_editor/shape/web_editor/Blobs/119605.svg]
[fitkrub.odoo.com/web_editor/shape/web_editor/Blobs/129605.svg]
[fitkrub.odoo.com/web_editor/shape/web_editor/Blocks/01d8e6.svg]
[fitkrub.odoo.com/web_editor/shape/web_editor/Blocks/01_001d8e6.svg]
[fitkrub.odoo.com/web_editor/shape/web_editor/Blocks/02d8e6.svg]
[fitkrub.odoo.com/web_editor/shape/web_editor/Blocks/02_001d8e6.svg]
[fitkrub.odoo.com/web_editor/shape/web_editor/Blocks/03ca6c.svg]
[fitkrub.odoo.com/web_editor/shape/web_editor/Blocks/0443a4.svg]
[fitkrub.odoo.com/web_editor/shape/web_editor/Bold/01f3fd.svg]
[fitkrub.odoo.com/web_editor/shape/web_editor/Bold/0264ac.svg]
[fitkrub.odoo.com/web_editor/shape/web_editor/Bold/03d8e6.svg]
[fitkrub.odoo.com/web_editor/shape/web_editor/Bold/040663.svg]
[fitkrub.odoo.com/web_editor/shape/web_editor/Bold/057e1c.svg]
[fitkrub.odoo.com/web_editor/shape/web_editor/Bold/05_001bd3d.svg]
[fitkrub.odoo.com/web_editor/shape/web_editor/Bold/067e1c.svg]
[fitkrub.odoo.com/web_editor/shape/web_editor/Bold/06_001bd3d.svg]
[fitkrub.odoo.com/web_editor/shape/web_editor/Bold/070f7e.svg]
[fitkrub.odoo.com/web_editor/shape/web_editor/Bold/089605.svg]
[fitkrub.odoo.com/web_editor/shape/web_editor/Bold/090663.svg]
[fitkrub.odoo.com/web_editor/shape/web_editor/Bold/103e63.svg]
[fitkrub.odoo.com/web_editor/shape/web_editor/Bold/10_00197d5.svg]
[fitkrub.odoo.com/web_editor/shape/web_editor/Bold/1164ac.svg]
[fitkrub.odoo.com/web_editor/shape/web_editor/Bold/11_0010f7e.svg]
[fitkrub.odoo.com/web_editor/shape/web_editor/Bold/123191.svg]
[fitkrub.odoo.com/web_editor/shape/web_editor/Origins/01ae3a.svg]
[fitkrub.odoo.com/web_editor/shape/web_editor/Origins/02bd3d.svg]
[fitkrub.odoo.com/web_editor/shape/web_editor/Origins/03bd3d.svg]
[fitkrub.odoo.com/web_editor/shape/web_editor/Origins/04bd3d.svg]
[fitkrub.odoo.com/web_editor/shape/web_editor/Origins/05bd3d.svg]
[fitkrub.odoo.com/web_editor/shape/web_editor/Origins/06bd3d.svg]
[fitkrub.odoo.com/web_editor/shape/web_editor/Origins/07bd3d.svg]
[fitkrub.odoo.com/web_editor/shape/web_editor/Origins/08bd3d.svg]
[fitkrub.odoo.com/web_editor/shape/web_editor/Origins/09ef15.svg]
[fitkrub.odoo.com/web_editor/shape/web_editor/Origins/10ae3a.svg]
[fitkrub.odoo.com/web_editor/shape/web_editor/Origins/1108ca.svg]
[fitkrub.odoo.com/web_editor/shape/web_editor/Origins/1208ca.svg]
[fitkrub.odoo.com/web_editor/shape/web_editor/Origins/1308ca.svg]
[fitkrub.odoo.com/web_editor/shape/web_editor/Origins/14750f.svg]
[fitkrub.odoo.com/web_editor/shape/web_editor/Origins/15750f.svg]
[fitkrub.odoo.com/web_editor/shape/web_editor/Rainy/01ef15.svg]
[fitkrub.odoo.com/web_editor/shape/web_editor/Rainy/0297d5.svg]
[fitkrub.odoo.com/web_editor/shape/web_editor/Rainy/0338e0.svg]
[fitkrub.odoo.com/web_editor/shape/web_editor/Rainy/04ef15.svg]
[fitkrub.odoo.com/web_editor/shape/web_editor/Rainy/05ef15.svg]
[fitkrub.odoo.com/web_editor/shape/web_editor/Rainy/05_0019605.svg]
[fitkrub.odoo.com/web_editor/shape/web_editor/Rainy/0664ac.svg]
[fitkrub.odoo.com/web_editor/shape/web_editor/Rainy/0764ac.svg]
[fitkrub.odoo.com/web_editor/shape/web_editor/Rainy/08ca6c.svg]
[fitkrub.odoo.com/web_editor/shape/web_editor/Rainy/099605.svg]
[fitkrub.odoo.com/web_editor/shape/web_editor/Wavy/01750f.svg]
[fitkrub.odoo.com/web_editor/shape/web_editor/Wavy/02750f.svg]
[fitkrub.odoo.com/web_editor/shape/web_editor/Wavy/030f7e.svg]
[fitkrub.odoo.com/web_editor/shape/web_editor/Wavy/04ef15.svg]
[fitkrub.odoo.com/web_editor/shape/web_editor/Wavy/05ef15.svg]
[fitkrub.odoo.com/web_editor/shape/web_editor/Wavy/063e63.svg]
[fitkrub.odoo.com/web_editor/shape/web_editor/Wavy/06_001d8e6.svg]
[fitkrub.odoo.com/web_editor/shape/web_editor/Wavy/07bd3d.svg]
[fitkrub.odoo.com/web_editor/shape/web_editor/Wavy/08f3fd.svg]
[fitkrub.odoo.com/web_editor/shape/web_editor/Wavy/09ef15.svg]
[fitkrub.odoo.com/web_editor/shape/web_editor/Wavy/100f7e.svg]
[fitkrub.odoo.com/web_editor/shape/web_editor/Wavy/11ca6c.svg]
[fitkrub.odoo.com/web_editor/shape/web_editor/Wavy/129605.svg]
[fitkrub.odoo.com/web_editor/shape/web_editor/Wavy/13750f.svg]
[fitkrub.odoo.com/web_editor/shape/web_editor/Wavy/14b726.svg]
[fitkrub.odoo.com/web_editor/shape/web_editor/Wavy/159605.svg]
[fitkrub.odoo.com/web_editor/shape/web_editor/Wavy/169605.svg]
[fitkrub.odoo.com/web_editor/shape/web_editor/Wavy/179605.svg]
[fitkrub.odoo.com/web_editor/shape/web_editor/Wavy/187e1c.svg]
[fitkrub.odoo.com/web_editor/shape/web_editor/Wavy/197e1c.svg]
[fitkrub.odoo.com/web_editor/shape/web_editor/Wavy/20f3fd.svg]
[fitkrub.odoo.com/web_editor/shape/web_editor/Wavy/21f3fd.svg]
[fitkrub.odoo.com/web_editor/shape/web_editor/Wavy/22bd3d.svg]
[fitkrub.odoo.com/web_editor/shape/web_editor/Wavy/23bd3d.svg]
[fitkrub.odoo.com/web_editor/shape/web_editor/Zigs/01f3fd.svg]
[fitkrub.odoo.com/web_editor/shape/web_editor/Zigs/02f3fd.svg]
[fitkrub.odoo.com/web_editor/shape/web_editor/Zigs/039605.svg]
[fitkrub.odoo.com/web_editor/shape/web_editor/Zigs/049605.svg]
[fitkrub.odoo.com/web_editor/shape/web_editor/Zigs/05bd3d.svg]
[fitkrub.odoo.com/web/signup.html]
[fitkrub.odoo.com/web/reset_password.html]
